BL51 BANKED LINKER/LOCATER V6.22.2.0                                                    09/05/2023  22:01:14  PAGE 1


BL51 BANKED LINKER/LOCATER V6.22.2.0, INVOKED BY:
D:\KEIL5\C51\BIN\BL51.EXE STARTUP.obj, main.obj TO Interrupt Test CODE (0X0000-0X0FFF)


MEMORY MODEL: SMALL


INPUT MODULES INCLUDED:
  STARTUP.obj (?C_STARTUP)
  main.obj (MAIN)
  D:\KEIL5\C51\LIB\C51S.LIB (?C_INIT)


LINK MAP OF MODULE:  Interrupt Test (?C_STARTUP)


            TYPE    BASE      LENGTH    RELOCATION   SEGMENT NAME
            -----------------------------------------------------

            * * * * * * *   D A T A   M E M O R Y   * * * * * * *
            REG     0000H     0008H     ABSOLUTE     "REG BANK 0"
            DATA    0008H     0007H     UNIT         ?DT?MAIN
                    000FH     0011H                  *** GAP ***
            BIT     0020H.0   0000H.1   UNIT         ?BI?MAIN
                    0020H.1   0000H.7                *** GAP ***
            IDATA   0021H     0001H     UNIT         ?STACK

            * * * * * * *   C O D E   M E M O R Y   * * * * * * *
            CODE    0000H     0003H     ABSOLUTE     
            CODE    0003H     0003H     ABSOLUTE     
            CODE    0006H     0017H     UNIT         ?PR?UARTINIT?MAIN
                    001DH     0006H                  *** GAP ***
            CODE    0023H     0003H     ABSOLUTE     
            CODE    0026H     008CH     UNIT         ?C_C51STARTUP
            CODE    00B2H     0063H     UNIT         ?PR?MAIN?MAIN
            CODE    0115H     0047H     UNIT         ?PR?EXINT0?MAIN
            CODE    015CH     002DH     UNIT         ?PR?_DELAY?MAIN
            CODE    0189H     0012H     UNIT         ?C_INITSEG
            CODE    019BH     0009H     UNIT         ?PR?SERIALPORTRECEIVE?MAIN
            CODE    01A4H     0008H     UNIT         ?PR?_SENDBYTE?MAIN



OVERLAY MAP OF MODULE:   Interrupt Test (?C_STARTUP)


SEGMENT
  +--> CALLED SEGMENT
---------------------
?C_C51STARTUP
  +--> ?PR?MAIN?MAIN
  +--> ?C_INITSEG

?PR?MAIN?MAIN
  +--> ?PR?UARTINIT?MAIN
  +--> ?PR?_DELAY?MAIN

*** NEW ROOT ***************************************************
BL51 BANKED LINKER/LOCATER V6.22.2.0                                                  09/05/2023  22:01:14  PAGE 2



?PR?EXINT0?MAIN
  +--> ?PR?_SENDBYTE?MAIN



SYMBOL TABLE OF MODULE:  Interrupt Test (?C_STARTUP)

  VALUE           TYPE          NAME
  ----------------------------------

  -------         MODULE        ?C_STARTUP
  C:0026H         SEGMENT       ?C_C51STARTUP
  I:0021H         SEGMENT       ?STACK
  C:0000H         PUBLIC        ?C_STARTUP
  D:00E0H         SYMBOL        ACC
  D:00F0H         SYMBOL        B
  D:0083H         SYMBOL        DPH
  D:0082H         SYMBOL        DPL
  N:0000H         SYMBOL        IBPSTACK
  N:0100H         SYMBOL        IBPSTACKTOP
  N:0080H         SYMBOL        IDATALEN
  C:0029H         SYMBOL        IDATALOOP
  N:0000H         SYMBOL        PBPSTACK
  N:0100H         SYMBOL        PBPSTACKTOP
  N:0000H         SYMBOL        PDATALEN
  N:0000H         SYMBOL        PDATASTART
  N:0000H         SYMBOL        PPAGE
  N:0000H         SYMBOL        PPAGEENABLE
  D:00A0H         SYMBOL        PPAGE_SFR
  D:0081H         SYMBOL        SP
  C:0026H         SYMBOL        STARTUP1
  N:0000H         SYMBOL        XBPSTACK
  N:0000H         SYMBOL        XBPSTACKTOP
  N:0000H         SYMBOL        XDATALEN
  N:0000H         SYMBOL        XDATASTART
  C:0000H         LINE#         126
  C:0026H         LINE#         133
  C:0028H         LINE#         134
  C:0029H         LINE#         135
  C:002AH         LINE#         136
  C:002CH         LINE#         185
  C:002FH         LINE#         196
  -------         ENDMOD        ?C_STARTUP

  -------         MODULE        MAIN
  C:0000H         SYMBOL        _ICE_DUMMY_
  D:0080H         PUBLIC        P0
  D:0090H         PUBLIC        P1
  D:00A0H         PUBLIC        P2
  D:00B0H         PUBLIC        P3
  D:00C0H         PUBLIC        P4
  D:00C8H         PUBLIC        P5
  B:00A8H.7       PUBLIC        EA
  D:00E8H         PUBLIC        P6
  D:00F8H         PUBLIC        P7
  D:00A8H         PUBLIC        IE
BL51 BANKED LINKER/LOCATER V6.22.2.0                                                  09/05/2023  22:01:14  PAGE 3


  B:00A8H.4       PUBLIC        ES
  D:00B8H         PUBLIC        IP
  B:0098H.0       PUBLIC        RI
  D:0008H         PUBLIC        flag
  B:0098H.1       PUBLIC        TI
  C:01A4H         PUBLIC        _SendByte
  D:00D8H         PUBLIC        CCON
  C:00B2H         PUBLIC        main
  D:000AH         PUBLIC        PWM_T
  D:0099H         PUBLIC        SBUF
  D:0098H         PUBLIC        SCON
  C:0006H         PUBLIC        UartInit
  D:0088H         PUBLIC        TCON
  B:00B0H.5       PUBLIC        PWM_PIN
  D:008EH         PUBLIC        AUXR
  B:0088H.0       PUBLIC        IT0
  B:00A8H.0       PUBLIC        EX0
  D:00D6H         PUBLIC        T2H
  D:00D7H         PUBLIC        T2L
  C:019BH         PUBLIC        SerialPortReceive
  C:0115H         PUBLIC        exint0
  D:000CH         PUBLIC        i
  B:0020H.0       PUBLIC        touched
  C:0160H         PUBLIC        _Delay
  D:000DH         PUBLIC        t
  D:00D0H         PUBLIC        PSW
  -------         PROC          MAIN
  C:00B2H         LINE#         29
  C:00B2H         LINE#         30
  C:00B2H         LINE#         31
  C:00B4H         LINE#         32
  C:00B6H         LINE#         34
  C:00B8H         LINE#         35
  C:00BBH         LINE#         36
  C:00BDH         LINE#         39
  C:00BDH         LINE#         40
  C:00BDH         LINE#         42
  C:00CCH         LINE#         43
  C:00CCH         LINE#         44
  C:00CCH         LINE#         45
  C:00CEH         LINE#         47
  C:00D0H         LINE#         48
  C:00D0H         LINE#         49
  C:00D2H         LINE#         50
  C:00D7H         LINE#         51
  C:00D9H         LINE#         52
  C:00DEH         LINE#         53
  C:00E0H         LINE#         54
  C:00E2H         LINE#         55
  C:00E2H         LINE#         56
  C:00E2H         LINE#         58
  C:00E4H         LINE#         59
  C:00E4H         LINE#         60
  C:00E4H         LINE#         61
  C:00E7H         LINE#         62
  C:00E9H         LINE#         63
  C:00EEH         LINE#         64
BL51 BANKED LINKER/LOCATER V6.22.2.0                                                  09/05/2023  22:01:14  PAGE 4


  C:00F0H         LINE#         65
  C:00F5H         LINE#         66
  C:00F7H         LINE#         67
  C:00F9H         LINE#         69
  C:00FBH         LINE#         70
  C:00FBH         LINE#         71
  C:00FBH         LINE#         72
  C:00FEH         LINE#         73
  C:0100H         LINE#         74
  C:0105H         LINE#         75
  C:0105H         LINE#         76
  C:0108H         LINE#         77
  C:010AH         LINE#         78
  C:010FH         LINE#         80
  C:0111H         LINE#         81
  C:0111H         LINE#         82
  C:0113H         LINE#         83
  C:0113H         LINE#         84
  -------         ENDPROC       MAIN
  -------         PROC          EXINT0
  C:0115H         LINE#         87
  C:0132H         LINE#         89
  C:0134H         LINE#         90
  C:013BH         LINE#         92
  C:013FH         LINE#         94
  C:0141H         LINE#         95
  -------         ENDPROC       EXINT0
  -------         PROC          UARTINIT
  C:0006H         LINE#         97
  C:0006H         LINE#         98
  C:0006H         LINE#         99
  C:0009H         LINE#         100
  C:000CH         LINE#         101
  C:000FH         LINE#         102
  C:0012H         LINE#         103
  C:0015H         LINE#         104
  C:0018H         LINE#         105
  C:001AH         LINE#         106
  C:001CH         LINE#         107
  -------         ENDPROC       UARTINIT
  -------         PROC          _SENDBYTE
  D:0007H         SYMBOL        dat
  C:01A4H         LINE#         110
  C:01A4H         LINE#         111
  C:01A4H         LINE#         112
  C:01A6H         LINE#         113
  C:01A9H         LINE#         114
  C:01ABH         LINE#         115
  -------         ENDPROC       _SENDBYTE
  -------         PROC          SERIALPORTRECEIVE
  C:019BH         LINE#         120
  C:019BH         LINE#         122
  C:019EH         LINE#         123
  C:01A0H         LINE#         124
  C:01A3H         LINE#         125
  -------         ENDPROC       SERIALPORTRECEIVE
  C:015CH         SYMBOL        L?0031
BL51 BANKED LINKER/LOCATER V6.22.2.0                                                  09/05/2023  22:01:14  PAGE 5


  -------         PROC          L?0030
  -------         ENDPROC       L?0030
  C:015CH         SYMBOL        L?0031
  -------         PROC          _DELAY
  D:0007H         SYMBOL        m
  -------         DO            
  D:0006H         SYMBOL        i
  D:0005H         SYMBOL        j
  D:0004H         SYMBOL        k
  -------         ENDDO         
  C:0160H         LINE#         128
  C:0160H         LINE#         129
  C:0160H         LINE#         131
  C:0167H         LINE#         132
  C:0173H         LINE#         133
  C:017FH         LINE#         134
  C:017FH         LINE#         136
  C:0188H         LINE#         137
  -------         ENDPROC       _DELAY
  -------         ENDMOD        MAIN

Program Size: data=16.1 xdata=0 code=422
LINK/LOCATE RUN COMPLETE.  0 WARNING(S),  0 ERROR(S)
