C51 COMPILER V9.59.0.0   MAIN                                                              09/05/2023 22:01:14 PAGE 1   


C51 COMPILER V9.59.0.0, COMPILATION OF MODULE MAIN
OBJECT MODULE PLACED IN main.OBJ
COMPILER INVOKED BY: D:\keil5\C51\BIN\C51.EXE main.c OPTIMIZE(8,SPEED) BROWSE DEBUG OBJECTEXTEND TABS(2)

line level    source

   1          /*--------------------------------------------------------------------------------
   2           * 项目名称:
   3          
   4               中断按键测试程序 V1.0.0
   5          
   6           * 功能描述:
   7          
   8               通过外部中断0控制LED灯3档调光，通过串口通信——无线传输到2个LED灯同步点亮，同步关闭。
   9           
  10          
  11          -------------------------------------------------------------------------------------*/
  12          /************************包含头文件***************************************************/
  13          
  14          #include<STC15W.h>
  15          #include<stdio.h>
  16          //#include <intrins.h>
  17          sbit PWM_PIN = P3^5; // PWM输出引脚
  18          sbit TOUCH_PIN = P3^2; // TTP223触摸模块引脚
  19          unsigned char i = 0; // 亮度档位，0-3，对应四个档位
  20          bit touched = 1; // 标志位，表示是否检测到上升沿触摸
  21          unsigned int flag = 0; //触摸计数
  22          unsigned int t = 0; //定时计数
  23          unsigned int PWM_T = 0; //PWM的阈值 
  24          void UartInit();
  25          void SendByte(unsigned char dat);
  26          void ReceiveByte();
  27          void Delay(unsigned char m);
  28          
  29          void main()
  30          {
  31   1          IT0 = 1;  //触发条件，1=下降沿触发，0=低电平触发
  32   1          EX0 = 1;  //外部中断开关，1=打开，0=关闭
  33   1      //    ES = 1;      //开放串口中断
  34   1          EA  = 1;  //全局中断打开，1=打开，0=关闭
  35   1          UartInit();  //串口初始化
  36   1          PWM_PIN = 0; //PWM口置零
  37   1      //    SendByte(i);   //发送i，0-3数值
  38   1      
  39   1          while(1)
  40   1          {
  41   2           //     SendByte(i);   //发送i，0-3数值
  42   2                switch(i)
  43   2                {
  44   3                    case 0:
  45   3                        PWM_PIN = 1;
  46   3                    //    PWM_T = 50;   //关灯
  47   3                    break;
  48   3                    case 1:
  49   3                        PWM_PIN = 1;
  50   3                        Delay(50);
  51   3                        PWM_PIN = 0;
  52   3                        Delay(10);
  53   3                        PWM_PIN = 1;
  54   3                        Delay(50);
  55   3                        PWM_PIN = 0;
C51 COMPILER V9.59.0.0   MAIN                                                              09/05/2023 22:01:14 PAGE 2   

  56   3                        Delay(10);
  57   3                  //      PWM_T = 30;  //一档亮度
  58   3                        break;
  59   3                    case 2:
  60   3                        PWM_PIN = 1;
  61   3                        Delay(10);
  62   3                        PWM_PIN = 0;
  63   3                        Delay(10);
  64   3                        PWM_PIN = 1;
  65   3                        Delay(10);
  66   3                        PWM_PIN = 0;
  67   3                        Delay(10);
  68   3                //        PWM_T = 50;    //二档亮度
  69   3                        break;
  70   3                    case 3:
  71   3                        PWM_PIN = 1;
  72   3                        Delay(10);
  73   3                        PWM_PIN = 0;
  74   3                        Delay(50);
  75   3                        PWM_PIN = 1;
  76   3                        Delay(10);
  77   3                        PWM_PIN = 0;
  78   3                        Delay(50);
  79   3                //        PWM_T = 80;    //三档亮度，均可调整，频率大约为10KHz
  80   3                        break;
  81   3                    default:
  82   3                        PWM_PIN = 1;
  83   3                }
  84   2          }
  85   1      }       
  86            //***********************外部中断函数***********************//
  87                  void exint0() interrupt 0 
  88                  {
  89   1                EX0 = 0;  //外部中断开关，1=打开，0=关闭
  90   1                i = (i + 1) % 4; // 增加亮度档位，循环在0-3之间
  91   1          //      flag=1;
  92   1                SendByte(i);   //发送i，0-3数值
  93   1          //       PWM_PIN =!PWM_PIN;
  94   1                EX0 = 1;  //外部中断开关，1=打开，0=关闭
  95   1              }
  96                  
  97                  void UartInit(void)   //9600bps@11.0592MHz
  98                  {
  99   1                SCON = 0x50;    //8位数据,可变波特率
 100   1                AUXR |= 0x01;   //串口1选择定时器2为波特率发生器
 101   1                AUXR |= 0x04;   //定时器2时钟为Fosc,即1T
 102   1                T2L = 0xE0;   //设定定时初值
 103   1                T2H = 0xFE;   //设定定时初值
 104   1                AUXR |= 0x10;   //启动定时器2
 105   1                ES = 1;
 106   1                EA = 1;
 107   1              }
 108          
 109          //***********************串口发送字符函数***********************//
 110                  void SendByte(unsigned char dat)
 111                  {
 112   1                SBUF = dat;
 113   1                while(!TI);
 114   1                TI = 0;
 115   1              }
 116                //----------------------------------------------------------   
 117                //  函数名称：void SerialPortInte(void)
C51 COMPILER V9.59.0.0   MAIN                                                              09/05/2023 22:01:14 PAGE 3   

 118                //  函数功能：串口中断方式接收一个字符
 119                //----------------------------------------------------------   
 120                void SerialPortReceive(void) interrupt 4 
 121                { 
 122   1                 while(!RI);          //查询接收标志位，是否有数据到达缓冲区
 123   1                 RI=0;                //清零接收标志位
 124   1                 i=SBUF;          //读取缓冲区的数据
 125   1            }     
 126          //功能：延时子函数.
 127          //------------------------------------------------------------------------------------
 128                  void Delay(unsigned char m)
 129                  {
 130   1                unsigned char i,j,k;
 131   1                for(i=0;i<m;i++)
 132   1                  for(j=0;j<2;j++)
 133   1                    for(k=0;k<25;k++)
 134   1                    {
 135   2                      ;
 136   2                    }
 137   1              }
 138          /**********************************THE END**********************************/ 


MODULE INFORMATION:   STATIC OVERLAYABLE
   CODE SIZE        =    255    ----
   CONSTANT SIZE    =   ----    ----
   XDATA SIZE       =   ----    ----
   PDATA SIZE       =   ----    ----
   DATA SIZE        =      7    ----
   IDATA SIZE       =   ----    ----
   BIT SIZE         =      1    ----
END OF MODULE INFORMATION.


C51 COMPILATION COMPLETE.  0 WARNING(S),  0 ERROR(S)
